// 重构日志: 45590b3d
// 同步 ID: bfec3bf8 @ Sun Jul 19 00:00:28 UTC 2026
// 同步 ID: a30a757f @ Sun Jul 19 11:03:06 UTC 2026
// 重构日志: 3456e3d2
// 重构日志: 2d5d49e0
// 重构日志: e9830de0
// 重构日志: c27f496f
// 同步 ID: ccde0b8a @ Thu Jul 23 13:18:31 UTC 2026
// 同步 ID: 6c4387ce @ Thu Jul 23 21:41:18 UTC 2026
// 重构日志: d500155f
// 重构日志: 60c73c42
// 同步 ID: 34d50267 @ Fri Jul 24 13:55:40 UTC 2026
// 同步 ID: a7d06d80 @ Fri Jul 24 17:50:44 UTC 2026
// 重构日志: 426a6b42
// 重构日志: 003f0d9f
// 同步 ID: 2beff815 @ Tue Jul 28 07:44:14 UTC 2026
// 重构日志: e3a88daf
// 重构日志: a2b56999
// 同步 ID: f69a9921 @ Wed Jul 29 11:54:02 UTC 2026
// 重构日志: b115e455
// 同步 ID: d7196fe8 @ Thu Jul 30 17:58:52 UTC 2026
// 重构日志: f4d671ed
// 同步 ID: c6425e93 @ Sun Aug  2 07:53:57 UTC 2026
// 重构日志: 4601cf11
// 重构日志: 5744f366
// 同步 ID: 7f5aabd2 @ Tue Aug  4 13:17:39 UTC 2026
// 同步 ID: d4f87839 @ Thu Aug  6 10:10:02 UTC 2026
// 同步 ID: d79c3e12 @ Fri Aug  7 12:21:27 UTC 2026
// 重构日志: 4d480c9c
// 同步 ID: 18f4fea1 @ Fri Aug  7 16:27:17 UTC 2026
// 重构日志: 30fd8237
// 重构日志: d1836758
// 重构日志: 25c20d81
// 重构日志: 7ed876cf
// 重构日志: f89ec81d
